node.exe : PASS __tests__/app/api/signup.test.ts
En C:\nvm4w\nodejs\npx.ps1: 29 Carácter: 3
+   & $NODE_EXE $NPX_CLI_JS $args
+   ~~~~~~~~~~~~~~~~~~~~~~~~~~~~~
    + CategoryInfo          : NotSpecified: (PASS __tests__/app/api/signup.test.ts:String) [], RemoteException
    + FullyQualifiedErrorId : NativeCommandError
 
  POST /api/signup
    ÔêÜ valida env + signup OK (289 ms)
    ÔêÜ 400 cuando createUser falla (87 ms)
    ÔêÜ 400 cuando updateUserById falla (57 ms)
    ÔêÜ 500 cuando el body no es JSON v├ílido (61 ms)

  console.error
    Error sending organizer notification email: Error: Missing API key. Pass it to the constructor `new Resend("re_123")`
        at new Resend (C:\Users\DVD\Desktop\TFG\reserva-municipal\node_modules\resend\dist\index.cjs:783:25)
        at Object.<anonymous> (C:\Users\DVD\Desktop\TFG\reserva-municipal\src\lib\resend.ts:3:23)
        at Runtime._execModule (C:\Users\DVD\Desktop\TFG\reserva-municipal\node_modules\jest-runtime\build\index.js:1268:24)
        at Runtime._loadModule (C:\Users\DVD\Desktop\TFG\reserva-municipal\node_modules\jest-runtime\build\index.js:944:12)
        at Runtime.requireModule (C:\Users\DVD\Desktop\TFG\reserva-municipal\node_modules\jest-runtime\build\index.js:832:12)
        at Runtime.requireModuleOrMock (C:\Users\DVD\Desktop\TFG\reserva-municipal\node_modules\jest-runtime\build\index.js:964:21)
        at Object.<anonymous> (C:\Users\DVD\Desktop\TFG\reserva-municipal\src\lib\emailNotifications.ts:37:17)
        at Runtime._execModule (C:\Users\DVD\Desktop\TFG\reserva-municipal\node_modules\jest-runtime\build\index.js:1268:24)
        at Runtime._loadModule (C:\Users\DVD\Desktop\TFG\reserva-municipal\node_modules\jest-runtime\build\index.js:944:12)
        at Runtime.requireModule (C:\Users\DVD\Desktop\TFG\reserva-municipal\node_modules\jest-runtime\build\index.js:832:12)
        at Runtime.requireModuleOrMock (C:\Users\DVD\Desktop\TFG\reserva-municipal\node_modules\jest-runtime\build\index.js:964:21)
        at C:\Users\DVD\Desktop\TFG\reserva-municipal\src\app\api\worker\reservas\[id]\route.ts:105:81
        at processTicksAndRejections (node:internal/process/task_queues:105:5)
        at PATCH (C:\Users\DVD\Desktop\TFG\reserva-municipal\src\app\api\worker\reservas\[id]\route.ts:105:75)
        at Object.<anonymous> (C:\Users\DVD\Desktop\TFG\reserva-municipal\__tests__\app\api\worker\reservas.test.ts:146:22)

    [0m [90m 110 |[39m       }
     [90m 111 |[39m     } [36mcatch[39m (emailError) {
    [31m[1m>[22m[39m[90m 112 |[39m       console[33m.[39merror([32m'Error sending organizer notification email:'[39m[33m,[39m emailError)
     [90m     |[39m               [31m[1m^[22m[39m
     [90m 113 |[39m       [90m// No fallar la actualizaci├│n si el email falla[39m
     [90m 114 |[39m     }
     [90m 115 |[39m[0m

      at error (src/app/api/worker/reservas/[id]/route.ts:112:15)
      at Object.<anonymous> (__tests__/app/api/worker/reservas.test.ts:146:22)

PASS __tests__/app/api/worker/reservas.test.ts
  PATCH /api/worker/reservas/[id]
    ÔêÜ retorna 409 cuando la reserva aprobada presenta conflictos (77 ms)
    ÔêÜ aprueba la reserva asignando worker y fecha de revisi├│n (717 ms)
    ÔêÜ propaga los errores de Supabase al validar conflictos (8 ms)

  console.error
    Error sending worker-created account email: Error: Missing API key. Pass it to the constructor `new Resend("re_123")`
        at new Resend (C:\Users\DVD\Desktop\TFG\reserva-municipal\node_modules\resend\dist\index.cjs:783:25)
        at Object.<anonymous> (C:\Users\DVD\Desktop\TFG\reserva-municipal\src\lib\resend.ts:3:23)
        at Runtime._execModule (C:\Users\DVD\Desktop\TFG\reserva-municipal\node_modules\jest-runtime\build\index.js:1268:24)
        at Runtime._loadModule (C:\Users\DVD\Desktop\TFG\reserva-municipal\node_modules\jest-runtime\build\index.js:944:12)
        at Runtime.requireModule (C:\Users\DVD\Desktop\TFG\reserva-municipal\node_modules\jest-runtime\build\index.js:832:12)
        at Runtime.requireModuleOrMock (C:\Users\DVD\Desktop\TFG\reserva-municipal\node_modules\jest-runtime\build\index.js:964:21)
        at Object.<anonymous> (C:\Users\DVD\Desktop\TFG\reserva-municipal\src\lib\emailNotifications.ts:37:17)
        at Runtime._execModule (C:\Users\DVD\Desktop\TFG\reserva-municipal\node_modules\jest-runtime\build\index.js:1268:24)
        at Runtime._loadModule (C:\Users\DVD\Desktop\TFG\reserva-municipal\node_modules\jest-runtime\build\index.js:944:12)
        at Runtime.requireModule (C:\Users\DVD\Desktop\TFG\reserva-municipal\node_modules\jest-runtime\build\index.js:832:12)
        at Runtime.requireModuleOrMock (C:\Users\DVD\Desktop\TFG\reserva-municipal\node_modules\jest-runtime\build\index.js:964:21)
        at C:\Users\DVD\Desktop\TFG\reserva-municipal\src\app\api\inscripciones\route.ts:54:64
        at processTicksAndRejections (node:internal/process/task_queues:105:5)
        at POST (C:\Users\DVD\Desktop\TFG\reserva-municipal\src\app\api\inscripciones\route.ts:54:58)
        at Object.<anonymous> (C:\Users\DVD\Desktop\TFG\reserva-municipal\__tests__\app\api\inscripciones.test.ts:196:22)

    [0m [90m 55 |[39m           [36mawait[39m sendCuentaCreadaPorTrabajadorEmail(auth[33m.[39muser[33m.[39mid[33m,[39m [32m'inscripcion'[39m)
     [90m 56 |[39m         } [36mcatch[39m (emailError) {
    [31m[1m>[22m[39m[90m 57 |[39m           console[33m.[39merror([32m'Error sending worker-created account email:'[39m[33m,[39m emailError)
     [90m    |[39m                   [31m[1m^[22m[39m
     [90m 58 |[39m           [90m// Fall back to standard password reset if custom email fails[39m
     [90m 59 |[39m           [36mawait[39m supabaseAdmin[33m.[39mauth[33m.[39mresetPasswordForEmail(email[33m,[39m { redirectTo[33m:[39m redirectUrl })
     [90m 60 |[39m         }[0m

      at error (src/app/api/inscripciones/route.ts:57:19)
      at Object.<anonymous> (__tests__/app/api/inscripciones.test.ts:196:22)

PASS __tests__/app/api/inscripciones.test.ts
  API inscripciones
    ÔêÜ crea checkout para usuario existente y registra pago (79 ms)
    ÔêÜ rechaza cursos sin precio v├ílido (10 ms)
    ÔêÜ borra inscripciones y propaga errores (24 ms)
    ÔêÜ crea usuario nuevo, asigna redirect y personaliza successUrl para workers (784 ms)
    ÔêÜ revierte inscripcion cuando la inserci├│n de pagos falla (11 ms)
    ÔêÜ elimina pago e inscripcion cuando el checkout falla (11 ms)

  console.error
    Error sending worker-created account email: Error: Missing API key. Pass it to the constructor `new Resend("re_123")`
        at new Resend (C:\Users\DVD\Desktop\TFG\reserva-municipal\node_modules\resend\dist\index.cjs:783:25)
        at Object.<anonymous> (C:\Users\DVD\Desktop\TFG\reserva-municipal\src\lib\resend.ts:3:23)
        at Runtime._execModule (C:\Users\DVD\Desktop\TFG\reserva-municipal\node_modules\jest-runtime\build\index.js:1268:24)
        at Runtime._loadModule (C:\Users\DVD\Desktop\TFG\reserva-municipal\node_modules\jest-runtime\build\index.js:944:12)
        at Runtime.requireModule (C:\Users\DVD\Desktop\TFG\reserva-municipal\node_modules\jest-runtime\build\index.js:832:12)
        at Runtime.requireModuleOrMock (C:\Users\DVD\Desktop\TFG\reserva-municipal\node_modules\jest-runtime\build\index.js:964:21)
        at Object.<anonymous> (C:\Users\DVD\Desktop\TFG\reserva-municipal\src\lib\emailNotifications.ts:37:17)
        at Runtime._execModule (C:\Users\DVD\Desktop\TFG\reserva-municipal\node_modules\jest-runtime\build\index.js:1268:24)
        at Runtime._loadModule (C:\Users\DVD\Desktop\TFG\reserva-municipal\node_modules\jest-runtime\build\index.js:944:12)
        at Runtime.requireModule (C:\Users\DVD\Desktop\TFG\reserva-municipal\node_modules\jest-runtime\build\index.js:832:12)
        at Runtime.requireModuleOrMock (C:\Users\DVD\Desktop\TFG\reserva-municipal\node_modules\jest-runtime\build\index.js:964:21)
        at C:\Users\DVD\Desktop\TFG\reserva-municipal\src\app\api\reservas\route.ts:127:64
        at processTicksAndRejections (node:internal/process/task_queues:105:5)
        at POST (C:\Users\DVD\Desktop\TFG\reserva-municipal\src\app\api\reservas\route.ts:127:58)
        at Object.<anonymous> (C:\Users\DVD\Desktop\TFG\reserva-municipal\__tests__\app\api\reservas.test.ts:365:5)

    [0m [90m 128 |[39m           [36mawait[39m sendCuentaCreadaPorTrabajadorEmail(auth[33m.[39muser[33m.[39mid[33m,[39m [32m'reserva'[39m)
     [90m 129 |[39m         } [36mcatch[39m (emailError) {
    [31m[1m>[22m[39m[90m 130 |[39m           console[33m.[39merror([32m'Error sending worker-created account email:'[39m[33m,[39m emailError)
     [90m     |[39m                   [31m[1m^[22m[39m
     [90m 131 |[39m           [90m// Fall back to standard password reset if custom email fails[39m
     [90m 132 |[39m           [36mawait[39m supabaseAdmin[33m.[39mauth[33m.[39mresetPasswordForEmail(email[33m,[39m { redirectTo[33m:[39m redirectUrl })
     [90m 133 |[39m         }[0m

      at error (src/app/api/reservas/route.ts:130:19)
      at Object.<anonymous> (__tests__/app/api/reservas.test.ts:365:5)

  console.error
    Error sending worker-created account email: Error: Missing API key. Pass it to the constructor `new Resend("re_123")`
        at new Resend (C:\Users\DVD\Desktop\TFG\reserva-municipal\node_modules\resend\dist\index.cjs:783:25)
        at Object.<anonymous> (C:\Users\DVD\Desktop\TFG\reserva-municipal\src\lib\resend.ts:3:23)
        at Runtime._execModule (C:\Users\DVD\Desktop\TFG\reserva-municipal\node_modules\jest-runtime\build\index.js:1268:24)
        at Runtime._loadModule (C:\Users\DVD\Desktop\TFG\reserva-municipal\node_modules\jest-runtime\build\index.js:944:12)
        at Runtime.requireModule (C:\Users\DVD\Desktop\TFG\reserva-municipal\node_modules\jest-runtime\build\index.js:832:12)
        at Runtime.requireModuleOrMock (C:\Users\DVD\Desktop\TFG\reserva-municipal\node_modules\jest-runtime\build\index.js:964:21)
        at Object.<anonymous> (C:\Users\DVD\Desktop\TFG\reserva-municipal\src\lib\emailNotifications.ts:37:17)
        at Runtime._execModule (C:\Users\DVD\Desktop\TFG\reserva-municipal\node_modules\jest-runtime\build\index.js:1268:24)
        at Runtime._loadModule (C:\Users\DVD\Desktop\TFG\reserva-municipal\node_modules\jest-runtime\build\index.js:944:12)
        at Runtime.requireModule (C:\Users\DVD\Desktop\TFG\reserva-municipal\node_modules\jest-runtime\build\index.js:832:12)
        at Runtime.requireModuleOrMock (C:\Users\DVD\Desktop\TFG\reserva-municipal\node_modules\jest-runtime\build\index.js:964:21)
        at C:\Users\DVD\Desktop\TFG\reserva-municipal\src\app\api\reservas\route.ts:127:64
        at processTicksAndRejections (node:internal/process/task_queues:105:5)
        at POST (C:\Users\DVD\Desktop\TFG\reserva-municipal\src\app\api\reservas\route.ts:127:58)
        at Object.<anonymous> (C:\Users\DVD\Desktop\TFG\reserva-municipal\__tests__\app\api\reservas.test.ts:408:22)

    [0m [90m 128 |[39m           [36mawait[39m sendCuentaCreadaPorTrabajadorEmail(auth[33m.[39muser[33m.[39mid[33m,[39m [32m'reserva'[39m)
     [90m 129 |[39m         } [36mcatch[39m (emailError) {
    [31m[1m>[22m[39m[90m 130 |[39m           console[33m.[39merror([32m'Error sending worker-created account email:'[39m[33m,[39m emailError)
     [90m     |[39m                   [31m[1m^[22m[39m
     [90m 131 |[39m           [90m// Fall back to standard password reset if custom email fails[39m
     [90m 132 |[39m           [36mawait[39m supabaseAdmin[33m.[39mauth[33m.[39mresetPasswordForEmail(email[33m,[39m { redirectTo[33m:[39m redirectUrl })
     [90m 133 |[39m         }[0m

      at error (src/app/api/reservas/route.ts:130:19)
      at Object.<anonymous> (__tests__/app/api/reservas.test.ts:408:22)

PASS __tests__/app/api/organizer/cursos.test.ts
  /api/organizer/cursos route
    ÔêÜ filtra los resultados GET al organizador autenticado (ignora query param) (12 ms)
    ÔêÜ permite a admin/worker filtrar GET por organizer_uid de la query cuando no es organizer (22 ms)
    ÔêÜ retorna 500 cuando Supabase GET lanza un error (6 ms)
    ÔêÜ crea un curso como organizador forzando su propio uid (8 ms)
    ÔêÜ propaga los errores de validaci├│n del sanitizador (5 ms)
    ÔêÜ return 400 cuando el insert de Supabase falla (5 ms)

PASS __tests__/app/api/reservas.test.ts
  POST /api/reservas (JSON)
    ÔêÜ valida las variables de entorno requeridas por el mock (267 ms)
    ÔêÜ retorna 409 cuando existe un conflicto de horario (213 ms)
    ÔêÜ retorna 400 cuando la verificaci├│n de conflictos falla (66 ms)
    ÔêÜ usa un usuario existente sin crear cuentas nuevas (90 ms)
    ÔêÜ crea un nuevo usuario y dispara el email de reseteo (900 ms)
    ÔêÜ elimina la reserva cuando el pago falla tras crear un usuario nuevo (286 ms)
    ÔêÜ ejecuta rollback cuando la inserci├│n de pagos falla (65 ms)
    ÔêÜ realiza rollback de pagos y reservas cuando el checkout falla (59 ms)
    ÔêÜ rechaza peticiones form-data sin sesi├│n iniciada (72 ms)
    ÔêÜ crea reservas desde form-data con usuario autenticado (74 ms)
    ÔêÜ hace rollback de reservas y pagos en form-data cuando el checkout falla (64 ms)

PASS __tests__/app/api/lemon.webhook.test.ts
  POST /api/lemon/webhook
    ÔêÜ rechaza peticiones con firma inv├ílida (87 ms)
    ÔêÜ actualiza el pago y la reserva cuando se confirma el cobro (63 ms)

PASS __tests__/app/api/login.test.ts
  POST /api/login
    ÔêÜ propaga el error de autenticaci├│n y aplica las cookies pendientes (18 ms)
    ÔêÜ devuelve 200 con el rol obtenido y setea sm_role junto con las cookies de Supabase (22 ms)
    ÔêÜ usa citizen como rol por defecto cuando la consulta de users falla (7 ms)

PASS __tests__/components/LocationPicker.test.tsx
  LocationPicker
    ÔêÜ realiza b├║squedas y actualiza los campos al seleccionar una sugerencia (890 ms)
    ÔêÜ actualiza coordenadas tras click en el mapa (51 ms)

PASS __tests__/app/worker/reservas.integration.test.tsx
  WorkerReservasPage
    ÔêÜ lista las reservas de ciudadanos con formato y botones de acci├│n (761 ms)

PASS __tests__/components/DeleteReservaButton.test.tsx
  DeleteReservaButton with Toastify
    ÔêÜ renderiza el bot├│n de eliminar correctamente (414 ms)
    ÔêÜ muestra modal de confirmaci├│n al hacer clic (196 ms)
    ÔêÜ cierra el modal al hacer clic en Cancelar (443 ms)

PASS __tests__/app/admin/reservas.integration.test.tsx
  AdminReservasPage
    ÔêÜ muestra filtros de b├║squeda y estado, y renderiza la tabla unificada (940 ms)
    ÔêÜ muestra la tabla con columnas correctas para tipo Recinto y Curso (102 ms)

PASS __tests__/components/ImagePicker.test.tsx
  RecintoImagePicker
    ÔêÜ rellena la imagen por defecto y actualiza el modo correctamente (831 ms)
  CourseImagePicker
    ÔêÜ empieza en modo mantener y permite seleccionar la imagen predeterminada (253 ms)
  UserImagePicker
    ÔêÜ detecta correctamente una imagen por defecto y permite borrarla (374 ms)

PASS __tests__/app/citizen/cursos.integration.test.tsx
  CursosPage (ciudadan├¡a)
    ÔêÜ lista los cursos disponibles y mantiene los filtros (833 ms)
    ÔêÜ muestra el campo de b├║squeda por nombre (257 ms)
    ÔêÜ mantiene el valor de b├║squeda en el input (68 ms)
    ÔêÜ muestra un mensaje vac├¡o cuando no hay resultados (99 ms)

PASS __tests__/app/worker/cursos.integration.test.tsx
  WorkerCursosPage
    ÔêÜ muestra la tabla de cursos con im├ígenes o iniciales y acciones (956 ms)

PASS __tests__/app/citizen/recintos.integration.test.tsx
  RecintosPage (ciudadan├¡a)
    ÔêÜ lista los recintos disponibles (789 ms)
    ÔêÜ muestra el campo de b├║squeda (335 ms)
    ÔêÜ mantiene el valor de b├║squeda en el input (88 ms)
    ÔêÜ muestra un mensaje vac├¡o cuando no hay resultados (91 ms)

PASS __tests__/components/NavBar.test.tsx
  NavBar
    ÔêÜ muestra el nombre y marca activa la ruta actual (1389 ms)
    ÔêÜ abre el men├║ y hace click en Ver perfil (637 ms)

PASS __tests__/components/ProfileModal.test.tsx (5.135 s)
  ProfileModal
    ÔêÜ carga y muestra los datos del perfil (443 ms)
    ÔêÜ permite editar y guardar el nombre (1633 ms)

PASS __tests__/app/api/cursos.delete.test.ts
  DELETE /api/cursos/[id]
    ÔêÜ elimina el curso y revalida el listado cuando no hay errores (21 ms)
    ÔêÜ retorna 400 cuando Supabase devuelve un error (6 ms)

PASS __tests__/components/ui/button.test.tsx
  Button (shadcn)
    ÔêÜ renderiza con la variante por defecto (159 ms)
    ÔêÜ admite la variante de enlace y tama├▒os (34 ms)
    ÔêÜ usa Slot cuando asChild es true (79 ms)

PASS __tests__/components/ConfirmModal.test.tsx
  ConfirmModal
    ÔêÜ renders nothing when closed (38 ms)
    ÔêÜ muestra t├¡tulo, mensaje y acciones cuando est├í abierto (194 ms)
    ÔêÜ invoca los callbacks al hacer clic en los botones (209 ms)

PASS __tests__/app/admin/reservas-schedule.test.tsx
  AdminReservasPage - Horarios de Cursos
    ÔêÜ muestra horarios formateados correctamente para curso con 2 d├¡as (683 ms)
    ÔêÜ muestra horarios formateados correctamente para curso con 3+ d├¡as (114 ms)
    ÔêÜ muestra fallback de fecha cuando el curso no tiene horario definido (110 ms)
    ÔêÜ muestra los nombres de cursos correctamente (103 ms)
    ÔêÜ muestra el tipo correcto para inscripciones (Curso) (101 ms)
    ÔêÜ muestra estados correctos seg├║n el pago (133 ms)

PASS __tests__/app/api/reservas.id.test.ts
  DELETE /api/reservas/[id]
    ÔêÜ devuelve ok cuando la reserva se elimina correctamente (30 ms)
    ÔêÜ retorna 400 cuando supabase responde con error (7 ms)

PASS __tests__/app/api/logout.test.ts
  POST /api/logout
    ÔêÜ cierra sesi├│n en Supabase y devuelve el destino de logout (22 ms)

PASS __tests__/components/OpenStreetMapView.test.tsx
  OpenStreetMapView
    ÔêÜ inicializa el mapa con coordenadas conocidas (109 ms)
    ÔêÜ muestra mensaje de error cuando no se encuentra la direcci├│n (76 ms)

PASS __tests__/app/api/cursos.toggle.test.ts
  POST /api/cursos/[id]/toggle
    ÔêÜ devuelve 404 cuando el curso no existe (32 ms)
    ÔêÜ invierte el estado y devuelve el nuevo valor (5 ms)

PASS __tests__/app/api/worker/cursos.test.ts
  GET /api/organizer/cursos/[id] (worker)
    ÔêÜ permite a un worker consultar un curso existente (38 ms)
    ÔêÜ bloquea a un organizer cuando intenta leer un curso de otro organizer (5 ms)
    ÔêÜ propaga errores de Supabase al resolver el curso (5 ms)
    ÔêÜ devuelve 400 cuando el id no es num├®rico (4 ms)

PASS __tests__/lib/currency.test.ts
  currency utilities
    toMinorUnits
      ÔêÜ convierte montos v├ílidos en CLP a unidades menores (5 ms)
      ÔêÜ lanza error para valores no finitos (34 ms)
      ÔêÜ lanza error para monedas no soportadas (5 ms)
    formatCurrency
      ÔêÜ formatea montos en CLP (88 ms)
      ÔêÜ rechaza monedas no soportadas (4 ms)

PASS __tests__/app/api/promote-admin.test.ts
  POST /api/promote-admin
    ÔêÜ devuelve 403 si la autenticaci├│n falla (22 ms)
    ÔêÜ responde 404 si el usuario no existe (16 ms)
    ÔêÜ promociona a admin cuando se encuentra el usuario y todas las operaciones tienen ├®xito (10 ms)

PASS __tests__/lib/auth/roles.test.ts
  auth roles helpers
    ÔêÜ redirige a /login cuando no hay sesi├│n en getSessionProfile (67 ms)
    ÔêÜ lanza AuthorizationError cuando el perfil no est├í en la tabla users (7 ms)
    ÔêÜ devuelve el perfil con rol cuando Supabase responde OK (33 ms)
    ÔêÜ assertRole permite roles autorizados y rechaza el resto (12 ms)
    ÔêÜ isRole comprueba membership m├║ltiple correctamente (3 ms)

PASS __tests__/lib/pagos.test.ts
  pagos utilities
    normalizePagoEstado
      ÔêÜ normaliza entradas con may├║sculas y min├║sculas mezcladas (6 ms)
      ÔêÜ por defecto devuelve pendiente para entradas desconocidas o vac├¡as (4 ms)
    isTerminalPagoEstado
      ÔêÜ identifica estados terminales (4 ms)
      ÔêÜ identifica estados no terminales (3 ms)
    mapLemonEventToPagoEstado
      ÔêÜ mapea se├▒ales de pago a pagado (2 ms)
      ÔêÜ mapea se├▒ales de reembolso a reembolsado (8 ms)
      ÔêÜ mapea se├▒ales de fallo a fallido (2 ms)
      ÔêÜ mapea se├▒ales de cancelaci├│n a cancelado (13 ms)
      ÔêÜ por defecto devuelve pendiente para eventos desconocidos (2 ms)
    mapCheckoutStatusToPagoEstado
      ÔêÜ mapea estados de checkout exitosos a pagado (2 ms)
      ÔêÜ mapea estados de checkout de reembolso a reembolsado (1 ms)
      ÔêÜ mapea estados de checkout fallidos a fallido (5 ms)
      ÔêÜ mapea estados de checkout cancelados a cancelado (2 ms)
      ÔêÜ por defecto devuelve pendiente para estados desconocidos (2 ms)

PASS __tests__/components/Toast.test.tsx
  ToastProvider
    ÔêÜ muestra un toast success con el estilo correcto (722 ms)
    ÔêÜ muestra un toast error con el estilo correcto (240 ms)
    ÔêÜ muestra un toast info con el estilo correcto (199 ms)
    ÔêÜ elimina los toasts autom├íticamente despu├®s de 3 segundos (118 ms)
    ÔêÜ limpia el portal al desmontar el proveedor (20 ms)

PASS __tests__/lib/auth/guard.test.ts
  requireByPathRSC
    ÔêÜ redirecciona a /403 cuando un worker accede a /admin (54 ms)
    ÔêÜ redirecciona a /403 cuando un citizen accede a /worker (16 ms)
    ÔêÜ permite al admin acceder a cualquier prefijo (6 ms)
    ÔêÜ requireAuthAPI devuelve 403 cuando el rol no es permitido (7 ms)
    ÔêÜ requireAuthAPI permite roles autorizados (5 ms)

PASS __tests__/lib/storage.test.ts
  storage helpers
    getPublicStorageUrl
      ÔêÜ devuelve la URL p├║blica cuando bucket y path son v├ílidos (6 ms)
      ÔêÜ retorna null cuando falta bucket o path (3 ms)
    getPublicUrlFromStorage
      ÔêÜ delegates en getPublicStorageUrl con los campos recibidos (4 ms)
    buildUserProfilePath
      ÔêÜ normaliza el nombre y conserva la extensi├│n en min├║sculas (6 ms)
    isUserProfileObject
      ÔêÜ verifica si el path pertenece al usuario (3 ms)
    buildStorageUrl
      ÔêÜ prefiere URLs firmadas cuando est├ín disponibles (4 ms)
      ÔêÜ usa la URL p├║blica como fallback cuando createSignedUrl falla (4 ms)
      ÔêÜ retorna null cuando faltan bucket o path (3 ms)
    listBucketPrefix
      ÔêÜ filtra objetos inv├ílidos y compone paths completos (3 ms)
      ÔêÜ devuelve arreglo vac├¡o ante errores o datos nulos (2 ms)

PASS __tests__/utils/calculateCourseProgress.test.ts
  calculateCourseProgress
    ÔêÜ returns 0 when current date is before start date (13 ms)
    ÔêÜ returns 100 when current date is after end date (6 ms)
    ÔêÜ calculates progress correctly when course is in progress (7 ms)
    ÔêÜ returns 50 when exactly at midpoint (5 ms)
    ÔêÜ handles single day course starting today (6 ms)
    ÔêÜ returns rounded integer percentage (4 ms)
    ÔêÜ handles long duration courses correctly (5 ms)
    ÔêÜ handles courses starting and ending on same day but different times (6 ms)
    ÔêÜ handles edge case when start equals end (6 ms)

PASS __tests__/app/api/pagos.id.test.ts
  GET /api/pagos/[id]
    ÔêÜ devuelve 404 si el pago no existe (18 ms)
    ÔêÜ sincroniza pagos pendientes usando Lemon y marca reservas como pagadas (9 ms)
    ÔêÜ devuelve estado pendiente sin sincronizar cuando no hay checkout id (7 ms)
    ÔêÜ actualiza monto y moneda cuando la orden sincroniza desde Lemon (9 ms)
    ÔêÜ devuelve errores de sincronizaci├│n cuando fallan las consultas de orden y lookup (13 ms)

PASS __tests__/lib/reservas/conflictos.test.ts
  hasRecintoConflicts
    ÔêÜ detecta conflictos ciudadanos y excluye canceladas por defecto (7 ms)
    ÔêÜ aplica filtros personalizados y omite IDs cuando se indican (7 ms)
    ÔêÜ propaga errores cuando la consulta de cursos falla (4 ms)

PASS __tests__/components/AdminNavBar.mobile.test.tsx
  AdminNavBar - Basic Tests
    ÔêÜ test placeholder - AdminNavBar component tests (4 ms)
    ÔêÜ verifica que los mocks est├ín configurados correctamente (4 ms)

PASS __tests__/app/api/organizer/reservas.test.ts
  POST /api/organizer/reservas
    ÔêÜ crea reservas para un organizador y retorna los bloques ordenados (27 ms)
    ÔêÜ rechaza la reserva cuando existe un conflicto ciudadano (5 ms)
    ÔêÜ propaga errores de Supabase al comprobar conflictos (4 ms)

PASS __tests__/components/SubmitButton.test.tsx
  SubmitButton
    ÔêÜ renderiza correctamente con texto por defecto (228 ms)
    ÔêÜ muestra spinner y texto de loading cuando pending es true (24 ms)
    ÔêÜ est├í deshabilitado cuando pending es true (19 ms)
    ÔêÜ no est├í deshabilitado cuando pending es false (12 ms)
    ÔêÜ usa texto de loading personalizado (10 ms)
    ÔêÜ acepta props adicionales del Button component (9 ms)
    ÔêÜ mantiene el tipo submit (8 ms)

PASS __tests__/app/citizen/reservas.integration.test.tsx
  ReservasPage (ciudadan├¡a)
    ÔêÜ muestra el listado con estados y acciones (284 ms)

PASS __tests__/app/organizer/reservas.integration.test.tsx (7.274 s)
  OrganizerReservationsClient
    ÔêÜ muestra recintos disponibles e historial ordenado (1374 ms)
    ÔêÜ valida campos obligatorios antes de enviar (629 ms)
    ÔêÜ env├¡a la solicitud y agrega bloques nuevos usando toastify (1519 ms)

Test Suites: 41 passed, 41 total
Tests:       164 passed, 164 total
Snapshots:   0 total
Time:        13.796 s
Ran all test suites.
